Microchip MPLAB XC8 Compiler V1.37 ()

Linker command line:

--edf=D:\Program Files (x86)\Microchip\xc8\v1.37\dat\en_msgs.txt -cs \
  -h+dist/default/production\PIC_BLDC_HALL.X.production.sym \
  --cmf=dist/default/production\PIC_BLDC_HALL.X.production.cmf -z -Q18F4431 \
  -oC:\Users\ADMINI~1\AppData\Local\Temp\s5sk.2 \
  -Mdist/default/production/PIC_BLDC_HALL.X.production.map -E1 -ver=XC8 \
  -ASTACK=0E6h-02ffh -pstack=STACK -ACODE=00h-03FFFh -ACONST=00h-03FFFh \
  -ASMALLCONST=0300h-03FFhx61 -AMEDIUMCONST=0300h-03FFFh -ACOMRAM=01h-05Fh \
  -AABS1=00h-02FFh -ABIGRAM=01h-02FFh -ARAM=060h-0FFh,0100h-01FFhx2 \
  -ABANK0=060h-0FFh -ABANK1=0100h-01FFh -ABANK2=0200h-02FFh \
  -ASFR=0F60h-0FFFh \
  -preset_vec=00h,intcode=08h,intcodelo,powerup,init,end_init \
  -pramtop=0300h -psmallconst=SMALLCONST -pmediumconst=MEDIUMCONST \
  -pconst=CONST -AFARRAM=00h-00h -ACONFIG=0300000h-030000Dh -pconfig=CONFIG \
  -AIDLOC=0200000h-0200007h -pidloc=IDLOC -AEEDATA=0F00000h-0F000FFh \
  -peeprom_data=EEDATA \
  -prdata=COMRAM,nvrram=COMRAM,nvbit=COMRAM,rbss=COMRAM,rbit=COMRAM \
  -pfarbss=FARRAM,fardata=FARRAM,nvFARRAM=FARRAM \
  -pintsave_regs=BIGRAM,bigbss=BIGRAM,bigdata=BIGRAM -pbss=RAM \
  -pidata=CODE,irdata=CODE,ibigdata=CODE,ifardata=CODE -prparam=COMRAM \
  C:\Users\ADMINI~1\AppData\Local\Temp\s5sk.obj \
  dist/default/production\PIC_BLDC_HALL.X.production.obj 

Object code version is 3.11

Machine type is 18F4431

Call graph: (short form)




                Name                               Link     Load   Length Selector   Space Scale
C:\Users\ADMINI~1\AppData\Local\Temp\s5sk.obj
                end_init                            342      342        4        4       0
                reset_vec                             0        0        4        0       0
                idloc                            200000   200000        8   200000       0
                config                           300000   300000        E   300000       0
dist/default/production\PIC_BLDC_HALL.X.production.obj
                intcode                               8        8      33A        4       0
                temp                                 53       53        1        1       1
                mediumconst                        3268     3268      D98     1934       0
                text80                             30AE     30AE       10        4       0
                text79                             30F6     30F6        E        4       0
                text78                             2B16     2B16       4A        4       0
                text77                             2CFE     2CFE       36        4       0
                text76                             30E8     30E8        E        4       0
                text75                             2ECA     2ECA       2A        4       0
                text74                             2BA2     2BA2       42        4       0
                text73                             29DC     29DC       54        4       0
                text72                             301C     301C       16        4       0
                text71                             3112     3112        6        4       0
                text70                             22FA     22FA       B8        4       0
                text69                             2FD4     2FD4       1A        4       0
                text68                             309E     309E       10        4       0
                text67                             2E4A     2E4A       2C        4       0
                text65                             2FEE     2FEE       18        4       0
                text64                             2EA0     2EA0       2A        4       0
                text63                             2E1E     2E1E       2C        4       0
                text62                             2DF2     2DF2       2C        4       0
                text61                             2FBA     2FBA       1A        4       0
                text60                             308E     308E       10        4       0
                text59                             30DA     30DA        E        4       0
                text58                             2ACC     2ACC       4A        4       0
                text57                             2CC8     2CC8       36        4       0
                text56                             306C     306C       12        4       0
                text55                             2F84     2F84       1C        4       0
                text54                             305A     305A       12        4       0
                text53                             2650     2650       78        4       0
                text52                             2A30     2A30       52        4       0
                text51                             16E6     16E6      1AE        4       0
                text50                             2930     2930       58        4       0
                text49                             2442     2442       8C        4       0
                text48                             1D80     1D80       D8        4       0
                text47                             1C68     1C68      118        4       0
                text46                             2816     2816       68        4       0
                text45                             28D8     28D8       58        4       0
                text44                             24CE     24CE       8A        4       0
                text43                             1E58     1E58       D6        4       0
                text42                             2186     2186       BC        4       0
                text41                             2A82     2A82       4A        4       0
                text40                             2BE4     2BE4       3E        4       0
                text39                             23B2     23B2       90        4       0
                text38                             2D34     2D34       32        4       0
                text37                              AAE      AAE      36C        4       0
                text36                             30CC     30CC        E        4       0
                text35                             2E76     2E76       2A        4       0
                text34                             2B60     2B60       42        4       0
                text33                             2988     2988       54        4       0
                text32                             3006     3006       16        4       0
                text31                             310C     310C        6        4       0
                text30                             2F62     2F62       22        4       0
                text29                             1FFE     1FFE       CC        4       0
                text28                             287E     287E       5A        4       0
                text27                             10BC     10BC      23A        4       0
                text26                             30BE     30BE        E        4       0
                text25                             1B46     1B46      122        4       0
                text24                             2D96     2D96       30        4       0
                text23                             1F2E     1F2E       D0        4       0
                text22                             2F3E     2F3E       24        4       0
                text21                             2EF4     2EF4       26        4       0
                text20                             12F6     12F6      234        4       0
                text19                             20CA     20CA       BC        4       0
                text18                             2F1A     2F1A       24        4       0
                text17                             25D8     25D8       78        4       0
                text16                             2242     2242       B8        4       0
                text15                             26C8     26C8       74        4       0
                text14                              E1A      E1A      2A2        4       0
                text13                             2558     2558       80        4       0
                text12                             152A     152A      1BC        4       0
                text11                             2FA0     2FA0       1A        4       0
                text10                             3046     3046       14        4       0
                text9                              2D66     2D66       30        4       0
                text8                              273C     273C       72        4       0
                text7                              2C92     2C92       36        4       0
                text6                              1894     1894      15E        4       0
                text5                              2C5A     2C5A       38        4       0
                text4                              19F2     19F2      154        4       0
                text3                              307E     307E       10        4       0
                text2                              2DC6     2DC6       2C        4       0
                text1                              2C22     2C22       38        4       0
                text0                               346      346      768        4       0
                cstackCOMRAM                          1        1       40        1       1
                cstackBANK0                          60       60       49       60       1
                dataBANK0                            D2       D2       14       60       1
                bssBANK0                             A9       A9       29       60       1
                dataCOMRAM                           4A       4A        8        1       1
                bssCOMRAM                            41       41        9        1       1
                bitbssCOMRAM                        290       52        4        1       1     8
                cinit                              27AE     27AE       68        4       0
                idataBANK0                         3032     3032       14        4       0
                idataCOMRAM                        3104     3104        8        4       0

TOTAL           Name                               Link     Load   Length     Space
        CLASS   STACK          

        CLASS   CODE           
                end_init                            342      342        4         0
                intcode                               8        8      33A         0
                reset_vec                             0        0        4         0
                text80                             30AE     30AE       10         0
                text79                             30F6     30F6        E         0
                text78                             2B16     2B16       4A         0
                text77                             2CFE     2CFE       36         0
                text76                             30E8     30E8        E         0
                text75                             2ECA     2ECA       2A         0
                text74                             2BA2     2BA2       42         0
                text73                             29DC     29DC       54         0
                text72                             301C     301C       16         0
                text71                             3112     3112        6         0
                text70                             22FA     22FA       B8         0
                text69                             2FD4     2FD4       1A         0
                text68                             309E     309E       10         0
                text67                             2E4A     2E4A       2C         0
                text65                             2FEE     2FEE       18         0
                text64                             2EA0     2EA0       2A         0
                text63                             2E1E     2E1E       2C         0
                text62                             2DF2     2DF2       2C         0
                text61                             2FBA     2FBA       1A         0
                text60                             308E     308E       10         0
                text59                             30DA     30DA        E         0
                text58                             2ACC     2ACC       4A         0
                text57                             2CC8     2CC8       36         0
                text56                             306C     306C       12         0
                text55                             2F84     2F84       1C         0
                text54                             305A     305A       12         0
                text53                             2650     2650       78         0
                text52                             2A30     2A30       52         0
                text51                             16E6     16E6      1AE         0
                text50                             2930     2930       58         0
                text49                             2442     2442       8C         0
                text48                             1D80     1D80       D8         0
                text47                             1C68     1C68      118         0
                text46                             2816     2816       68         0
                text45                             28D8     28D8       58         0
                text44                             24CE     24CE       8A         0
                text43                             1E58     1E58       D6         0
                text42                             2186     2186       BC         0
                text41                             2A82     2A82       4A         0
                text40                             2BE4     2BE4       3E         0
                text39                             23B2     23B2       90         0
                text38                             2D34     2D34       32         0
                text37                              AAE      AAE      36C         0
                text36                             30CC     30CC        E         0
                text35                             2E76     2E76       2A         0
                text34                             2B60     2B60       42         0
                text33                             2988     2988       54         0
                text32                             3006     3006       16         0
                text31                             310C     310C        6         0
                text30                             2F62     2F62       22         0
                text29                             1FFE     1FFE       CC         0
                text28                             287E     287E       5A         0
                text27                             10BC     10BC      23A         0
                text26                             30BE     30BE        E         0
                text25                             1B46     1B46      122         0
                text24                             2D96     2D96       30         0
                text23                             1F2E     1F2E       D0         0
                text22                             2F3E     2F3E       24         0
                text21                             2EF4     2EF4       26         0
                text20                             12F6     12F6      234         0
                text19                             20CA     20CA       BC         0
                text18                             2F1A     2F1A       24         0
                text17                             25D8     25D8       78         0
                text16                             2242     2242       B8         0
                text15                             26C8     26C8       74         0
                text14                              E1A      E1A      2A2         0
                text13                             2558     2558       80         0
                text12                             152A     152A      1BC         0
                text11                             2FA0     2FA0       1A         0
                text10                             3046     3046       14         0
                text9                              2D66     2D66       30         0
                text8                              273C     273C       72         0
                text7                              2C92     2C92       36         0
                text6                              1894     1894      15E         0
                text5                              2C5A     2C5A       38         0
                text4                              19F2     19F2      154         0
                text3                              307E     307E       10         0
                text2                              2DC6     2DC6       2C         0
                text1                              2C22     2C22       38         0
                text0                               346      346      768         0
                cinit                              27AE     27AE       68         0
                idataBANK0                         3032     3032       14         0
                idataCOMRAM                        3104     3104        8         0

        CLASS   CONST          

        CLASS   SMALLCONST     

        CLASS   MEDIUMCONST    
                mediumconst                        3268     3268      D98         0

        CLASS   COMRAM         
                temp                                 53       53        1         1
                cstackCOMRAM                          1        1       40         1
                dataCOMRAM                           4A       4A        8         1
                bssCOMRAM                            41       41        9         1
                bitbssCOMRAM                        290       52        4         1

        CLASS   ABS1           

        CLASS   BIGRAM         

        CLASS   RAM            

        CLASS   BANK0          
                cstackBANK0                          60       60       49         1
                dataBANK0                            D2       D2       14         1
                bssBANK0                             A9       A9       29         1

        CLASS   BANK1          

        CLASS   BANK2          

        CLASS   SFR            

        CLASS   FARRAM         

        CLASS   CONFIG         
                config                           300000   300000        E         0

        CLASS   IDLOC          
                idloc                            200000   200000        8         0

        CLASS   EEDATA         



SEGMENTS        Name                           Load    Length   Top    Selector   Space  Class

                reset_vec                      000000  000004  000004         0       0  CODE    
                cstackCOMRAM                   000001  000053  000054         1       1  COMRAM  
                intcode                        000008  003110  003118         4       0  CODE    
                cstackBANK0                    000060  000086  0000E6        60       1  BANK0   
                mediumconst                    003268  000D98  004000      1934       0  MEDIUMCO
                idloc                          200000  000008  200008    200000       0  IDLOC   
                config                         300000  00000E  30000E    300000       0  CONFIG  


UNUSED ADDRESS RANGES

        Name                Unused          Largest block    Delta
        BANK0            0000E6-0000FF               1A
        BANK1            000100-0001FF              100
        BANK2            000200-0002FF              100
        BIGRAM           000054-00005F                C
                         0000E6-0002FF              21A
        CODE             000004-000007                4
                         003118-003267              150
        COMRAM           000054-00005F                C
        CONST            000004-000007                4
                         003118-003267              150
        EEDATA           F00000-F000FF              100
        MEDIUMCONST      003118-003267              150
        RAM              0000E6-0002FF              100
        SFR              000F60-000FFF               A0
        SMALLCONST       003118-003267               E8
        STACK            0000E6-0002FF              21A

                                  Symbol Table

?___awmod                  cstackBANK0  000081
?___awtoft                 cstackCOMRAM 000026
?___ftadd                  cstackCOMRAM 000038
?___ftdiv                  cstackBANK0  000063
?___ftmul                  cstackCOMRAM 00002A
?___ftpack                 cstackCOMRAM 00001E
?___ftsub                  cstackBANK0  000063
?___fttol                  cstackBANK0  000072
?___lbtoft                 cstackCOMRAM 000026
?___lwdiv                  cstackCOMRAM 00001E
?___lwmod                  cstackCOMRAM 00001E
?_strlen                   cstackCOMRAM 00001E
?i2_strlen                 cstackCOMRAM 000001
Ascii2Str@ascii            cstackCOMRAM 00001F
Ascii2Str@buf              cstackCOMRAM 00001E
DataClean@b_add            cstackCOMRAM 000026
DataClean@e_add            cstackCOMRAM 000028
DataClean@i                cstackCOMRAM 00002C
DispPage1@buf              cstackBANK0  000091
DispPage1@lev              cstackBANK0  00008F
DispPage1@mp               cstackBANK0  00008D
Fill_Data@address          cstackCOMRAM 000029
Fill_Data@num              cstackCOMRAM 000028
Hex2Dex@Hex                cstackCOMRAM 000020
Hex2Dex@res                cstackCOMRAM 00001E
Hex2Dex@tmp                cstackCOMRAM 00001F
IDPage@buf                 cstackBANK0  00008D
ISR@change                 cstackCOMRAM 00001B
ISR@i                      cstackCOMRAM 00001C
KeyScan@keytime            cstackCOMRAM 000020
LCD_CLS@x                  cstackCOMRAM 000020
LCD_CLS@y                  cstackCOMRAM 000021
LCD_HZ@N                   cstackCOMRAM 000025
LCD_HZ@adder               cstackCOMRAM 000029
LCD_HZ@data                cstackCOMRAM 000023
LCD_HZ@wm                  cstackCOMRAM 00002B
LCD_HZ@x                   cstackCOMRAM 000028
LCD_HZ@y                   cstackCOMRAM 000022
LCD_P6x8Str@mode           cstackCOMRAM 000029
LCD_P6x8Str@x              cstackCOMRAM 00002A
LCD_P6x8Str@y              cstackCOMRAM 000028
LCD_P8x16Sp@c              cstackCOMRAM 000029
LCD_P8x16Sp@ch             cstackCOMRAM 000023
LCD_P8x16Sp@i              cstackCOMRAM 00002A
LCD_P8x16Sp@x              cstackCOMRAM 000028
LCD_P8x16Sp@y              cstackCOMRAM 000022
LCD_P8x16Str@c             cstackCOMRAM 000029
LCD_P8x16Str@ch            cstackCOMRAM 000023
LCD_P8x16Str@i             cstackCOMRAM 00002C
LCD_P8x16Str@j             cstackCOMRAM 00002A
LCD_P8x16Str@x             cstackCOMRAM 00002B
LCD_P8x16Str@y             cstackCOMRAM 000022
LCD_Set_Pos@x              cstackCOMRAM 000021
LCD_Set_Pos@y              cstackCOMRAM 000020
LCD_WrCmd@cmd              cstackCOMRAM 00001F
LCD_WrDat@dat              cstackCOMRAM 00001F
OLED_DrawBMP@BMP           cstackCOMRAM 000025
OLED_DrawBMP@j             cstackCOMRAM 000029
OLED_DrawBMP@x             cstackCOMRAM 00002B
OLED_DrawBMP@x0            cstackCOMRAM 00002C
OLED_DrawBMP@x1            cstackCOMRAM 000023
OLED_DrawBMP@y             cstackCOMRAM 00002D
OLED_DrawBMP@y0            cstackCOMRAM 000022
OLED_DrawBMP@y1            cstackCOMRAM 000024
ResetPage@x                cstackCOMRAM 00002D
SET_DUTY@n                 cstackBANK0  000081
SET_DUTY@temp              cstackBANK0  000082
Send_Hex@data              cstackCOMRAM 00001E
Send_Str@data              cstackCOMRAM 000022
Send_Str@i                 cstackCOMRAM 000026
SetPage@buf                cstackBANK0  000092
SetPage@lev                cstackBANK0  00008F
SetPage@mp                 cstackBANK0  00008D
SetPage@x                  cstackBANK0  000091
TimeFormat@ascii           cstackCOMRAM 000022
TimeFormat@buf             cstackCOMRAM 000021
TimeFormat@max             cstackCOMRAM 00001F
TimeFormat@min             cstackCOMRAM 00001E
TimePage@buf               cstackCOMRAM 000034
TimePage@day               cstackCOMRAM 00002E
TimePage@hour              cstackCOMRAM 00002F
TimePage@min               cstackCOMRAM 000030
TimePage@month             cstackCOMRAM 00002D
TimePage@sec               cstackCOMRAM 000031
TimePage@x                 cstackCOMRAM 000032
TimePage@year              cstackCOMRAM 000033
_ADCON0                    (abs)        000FC2
_ADCON1                    (abs)        000FC1
_ADCON2                    (abs)        000FC0
_ADIF                      (abs)        007CF6
_ADON                      (abs)        007E10
_ADRESH                    (abs)        000FC4
_ADRESL                    (abs)        000FC3
_AD_INIT                   text65       002FEE
_AD_RES                    bssBANK0     0000BD
_ANSEL0                    (abs)        000FB8
_ANSEL1                    (abs)        000FB9
_AllData                   bssCOMRAM    000041
_Ascii2Str                 text28       00287E
_BRG16                     (abs)        007D53
_BRGH                      (abs)        007D62
_CAP1BUFH                  (abs)        000F69
_CAP1BUFL                  (abs)        000F68
_CAP1CON                   (abs)        000F63
_CAP2CON                   (abs)        000F62
_CAP3CON                   (abs)        000F61
_CAP_INIT                  text64       002EA0
_CKE                       (abs)        007E3E
_CKP                       (abs)        007E34
_CREN                      (abs)        007D5C
_DS1302_INIT               text61       002FBA
_DataClean                 text57       002CC8
_DispLogo                  text49       002442
_DispPage1                 text37       000AAE
_Display_Menu              text33       002988
_F16x16_HZ                 mediumconst  00351F
_F6x8_1                    mediumconst  0034B9
_F8X16                     mediumconst  003269
_FRAM_INIT                 text31       00310C
_Fill_Data                 text29       001FFE
_GIE                       (abs)        007F97
_GODONE                    (abs)        007E11
_Hex2Dex                   text30       002F62
_IC1IE                     (abs)        007D19
_IC1IF                     (abs)        007D21
_IC2QEIE                   (abs)        007D1A
_IC2QEIF                   (abs)        007D22
_IC3DRIE                   (abs)        007D1B
_IC3DRIF                   (abs)        007D23
_IDPage                    text27       0010BC
_INIT_SPI                  text32       003006
_ISR                       intcode      000008
_KEY_INIT                  text26       0030BE
_KeyScan                   text25       001B46
_LCD_CLS                   text24       002D96
_LCD_HZ                    text53       002650
_LCD_INIT                  text23       001F2E
_LCD_P6x8Str               text51       0016E6
_LCD_P8x16Sp               text48       001D80
_LCD_P8x16Str              text47       001C68
_LCD_Set_Pos               text55       002F84
_LCD_WrCmd                 text56       00306C
_LCD_WrDat                 text54       00305A
_LastSpeed                 bssBANK0     0000C3
_Lev                       bssBANK0     0000A9
_Logo                      mediumconst  003D3F
_MOTOR_BUTTON              bitbssCOMRAM 000290
_MOTOR_DIR                 bitbssCOMRAM 000291
_OLED_DrawBMP              text50       002930
_OVDCOND                   (abs)        000F6B
_OpenTimes                 bssBANK0     0000C9
_OpenTimes_tmp             bssBANK0     0000CA
_OperatorID                dataCOMRAM   00004A
_OverTEMP                  bitbssCOMRAM 000292
_PDC0H                     (abs)        000F78
_PDC0L                     (abs)        000F79
_PDC1H                     (abs)        000F76
_PDC1L                     (abs)        000F77
_PDC2H                     (abs)        000F74
_PDC2L                     (abs)        000F75
_PEIE                      (abs)        007F96
_PORTA                     (abs)        000F80
_PTCON0                    (abs)        000F7F
_PTEN                      (abs)        007BF7
_PTMRH                     (abs)        000F7C
_PTMRL                     (abs)        000F7D
_PTPERH                    (abs)        000F7A
_PTPERL                    (abs)        000F7B
_PWMCON0                   (abs)        000F6F
_PWMCON1                   (abs)        000F6E
_PWM_INIT                  text22       002F3E
_Page                      dataBANK0    0000DE
_RB6                       (abs)        007C0E
_RB7                       (abs)        007C0F
_RC1                       (abs)        007C11
_RC2                       (abs)        007C12
_RC3                       (abs)        007C13
_RC5                       (abs)        007C15
_RCIE                      (abs)        007CED
_RCIF                      (abs)        007CF5
_RCREG                     (abs)        000FAE
_RCSTA                     (abs)        000FAB
_RD0                       (abs)        007C18
_RD1                       (abs)        007C19
_RD2                       (abs)        007C1A
_RD3                       (abs)        007C1B
_RD4                       (abs)        007C1C
_RD6                       (abs)        007C1E
_RD7                       (abs)        007C1F
_RE0                       (abs)        007C20
_RE1                       (abs)        007C21
_RE2                       (abs)        007C22
_RESEN                     (abs)        007DBE
_ResetPage                 text20       0012F6
_SET_DUTY                  text17       0025D8
_SH                        bssBANK0     0000CB
_SL                        bssBANK0     0000D1
_SMP                       (abs)        007E3F
_SPBRG                     (abs)        000FAF
_SPEN                      (abs)        007D5F
_SSPBUF                    (abs)        000FC9
_SSPCON                    (abs)        000FC6
_SSPEN                     (abs)        007E35
_SSPIF                     (abs)        007CF3
_SSPSTAT                   (abs)        000FC7
_STATE_HALL                dataBANK0    0000D2
_STATE_HALL_BACK           dataBANK0    0000D8
_SYNC                      (abs)        007D64
_Send_Hex                  text36       0030CC
_Send_Str                  text34       002B60
_SetDefaultPara            text16       002242
_SetOKPage                 text15       0026C8
_SetPage                   text14       000E1A
_SetPara                   bssBANK0     0000B3
_Speed                     bssBANK0     0000C5
_T5CON                     (abs)        000FB7
_TEMP_VALUE                bssBANK0     0000C0
_TMR5IE                    (abs)        007D18
_TMR5IF                    (abs)        007D20
_TRISA0                    (abs)        007C90
_TRISA1                    (abs)        007C91
_TRISA2                    (abs)        007C92
_TRISA3                    (abs)        007C93
_TRISA4                    (abs)        007C94
_TRISB0                    (abs)        007C98
_TRISB1                    (abs)        007C99
_TRISB2                    (abs)        007C9A
_TRISB3                    (abs)        007C9B
_TRISB4                    (abs)        007C9C
_TRISB6                    (abs)        007C9E
_TRISB7                    (abs)        007C9F
_TRISC1                    (abs)        007CA1
_TRISC2                    (abs)        007CA2
_TRISC3                    (abs)        007CA3
_TRISC4                    (abs)        007CA4
_TRISC5                    (abs)        007CA5
_TRISC6                    (abs)        007CA6
_TRISC7                    (abs)        007CA7
_TRISD0                    (abs)        007CA8
_TRISD1                    (abs)        007CA9
_TRISD2                    (abs)        007CAA
_TRISD3                    (abs)        007CAB
_TRISD4                    (abs)        007CAC
_TRISD5                    (abs)        007CAD
_TRISD6                    (abs)        007CAE
_TRISD7                    (abs)        007CAF
_TRISE0                    (abs)        007CB0
_TRISE1                    (abs)        007CB1
_TRISE2                    (abs)        007CB2
_TRMT                      (abs)        007D61
_TXREG                     (abs)        000FAD
_TXSTA                     (abs)        000FAC
_TimeFormat                text13       002558
_TimePage                  text12       00152A
_UART_INIT                 text11       002FA0
_UseNum                    bssCOMRAM    000049
__CFG_BOREN$ON             (abs)        000000
__CFG_CP0$OFF              (abs)        000000
__CFG_CP1$OFF              (abs)        000000
__CFG_CP2$OFF              (abs)        000000
__CFG_CP3$OFF              (abs)        000000
__CFG_CPB$OFF              (abs)        000000
__CFG_CPD$OFF              (abs)        000000
__CFG_EBTR0$OFF            (abs)        000000
__CFG_EBTR1$OFF            (abs)        000000
__CFG_EBTR2$OFF            (abs)        000000
__CFG_EBTR3$OFF            (abs)        000000
__CFG_EBTRB$OFF            (abs)        000000
__CFG_EXCLKMX$RC3          (abs)        000000
__CFG_FCMEN$ON             (abs)        000000
__CFG_FLTAMX$RC1           (abs)        000000
__CFG_HPOL$HIGH            (abs)        000000
__CFG_IESO$ON              (abs)        000000
__CFG_LPOL$HIGH            (abs)        000000
__CFG_LVP$ON               (abs)        000000
__CFG_MCLRE$ON             (abs)        000000
__CFG_OSC$HS               (abs)        000000
__CFG_PWM4MX$RD5           (abs)        000000
__CFG_PWMPIN$ON            (abs)        000000
__CFG_PWRTEN$OFF           (abs)        000000
__CFG_SSPMX$RC7            (abs)        000000
__CFG_STVREN$ON            (abs)        000000
__CFG_T1OSCMX$OFF          (abs)        000000
__CFG_WDPS$32768           (abs)        000000
__CFG_WDTEN$OFF            (abs)        000000
__CFG_WINEN$OFF            (abs)        000000
__CFG_WRT0$OFF             (abs)        000000
__CFG_WRT1$OFF             (abs)        000000
__CFG_WRT2$OFF             (abs)        000000
__CFG_WRT3$OFF             (abs)        000000
__CFG_WRTB$OFF             (abs)        000000
__CFG_WRTC$OFF             (abs)        000000
__CFG_WRTD$OFF             (abs)        000000
__HRAM                     (abs)        000000
__Habs1                    abs1         000000
__Hbank0                   bank0        000000
__Hbank1                   bank1        000000
__Hbank2                   bank2        000000
__Hbigbss                  bigbss       000000
__Hbigdata                 bigdata      000000
__Hbigram                  bigram       000000
__HbitbssCOMRAM            bitbssCOMRAM 000000
__Hbss                     bss          000000
__HbssBANK0                bssBANK0     000000
__HbssCOMRAM               bssCOMRAM    000000
__Hcinit                   cinit        000000
__Hclrtext                 clrtext      000000
__Hcomram                  comram       000000
__Hconfig                  config       30000E
__Hconst                   const        000000
__HcstackBANK0             cstackBANK0  000000
__HcstackCOMRAM            cstackCOMRAM 000000
__Hdata                    data         000000
__HdataBANK0               dataBANK0    000000
__HdataCOMRAM              dataCOMRAM   000000
__Heeprom_data             eeprom_data  000000
__Hend_init                end_init     000346
__Hfarbss                  farbss       000000
__Hfardata                 fardata      000000
__Hibigdata                ibigdata     000000
__Hidata                   idata        000000
__HidataBANK0              idataBANK0   000000
__HidataCOMRAM             idataCOMRAM  000000
__Hidloc                   idloc        200008
__Hifardata                ifardata     000000
__Hinit                    init         000342
__Hintcode                 intcode      000342
__Hintcode_body            intcode_body 000000
__Hintcodelo               intcodelo    000342
__Hintentry                intentry     000000
__Hintret                  intret       000000
__Hintsave_regs            intsave_regs 000000
__Hirdata                  irdata       000000
__Hmediumconst             mediumconst  004000
__HnvFARRAM                nvFARRAM     000000
__Hnvbit                   nvbit        000000
__Hnvrram                  nvrram       000000
__Hparam                   rparam       000000
__Hpowerup                 powerup      000342
__Hram                     ram          000000
__Hramtop                  ramtop       000300
__Hrbit                    rbit         000000
__Hrbss                    rbss         000000
__Hrdata                   rdata        000000
__Hreset_vec               reset_vec    000004
__Hrparam                  rparam       000000
__Hsfr                     sfr          000000
__Hsmallconst              smallconst   000000
__Hspace_0                 (abs)        30000E
__Hspace_1                 (abs)        000294
__Hspace_2                 (abs)        000000
__Hstack                   stack        000000
__Hstruct                  struct       000000
__Htemp                    temp         000054
__Htext                    text         000000
__Htext0                   text0        000000
__Htext1                   text1        000000
__Htext10                  text10       000000
__Htext11                  text11       000000
__Htext12                  text12       000000
__Htext13                  text13       000000
__Htext14                  text14       000000
__Htext15                  text15       000000
__Htext16                  text16       000000
__Htext17                  text17       000000
__Htext18                  text18       000000
__Htext19                  text19       000000
__Htext2                   text2        000000
__Htext20                  text20       000000
__Htext21                  text21       000000
__Htext22                  text22       000000
__Htext23                  text23       000000
__Htext24                  text24       000000
__Htext25                  text25       000000
__Htext26                  text26       000000
__Htext27                  text27       000000
__Htext28                  text28       000000
__Htext29                  text29       000000
__Htext3                   text3        000000
__Htext30                  text30       000000
__Htext31                  text31       000000
__Htext32                  text32       000000
__Htext33                  text33       000000
__Htext34                  text34       000000
__Htext35                  text35       000000
__Htext36                  text36       000000
__Htext37                  text37       000000
__Htext38                  text38       000000
__Htext39                  text39       000000
__Htext4                   text4        000000
__Htext40                  text40       000000
__Htext41                  text41       000000
__Htext42                  text42       000000
__Htext43                  text43       000000
__Htext44                  text44       000000
__Htext45                  text45       000000
__Htext46                  text46       000000
__Htext47                  text47       000000
__Htext48                  text48       000000
__Htext49                  text49       000000
__Htext5                   text5        000000
__Htext50                  text50       000000
__Htext51                  text51       000000
__Htext52                  text52       000000
__Htext53                  text53       000000
__Htext54                  text54       000000
__Htext55                  text55       000000
__Htext56                  text56       000000
__Htext57                  text57       000000
__Htext58                  text58       000000
__Htext59                  text59       000000
__Htext6                   text6        000000
__Htext60                  text60       000000
__Htext61                  text61       000000
__Htext62                  text62       000000
__Htext63                  text63       000000
__Htext64                  text64       000000
__Htext65                  text65       000000
__Htext67                  text67       000000
__Htext68                  text68       000000
__Htext69                  text69       000000
__Htext7                   text7        000000
__Htext70                  text70       000000
__Htext71                  text71       000000
__Htext72                  text72       000000
__Htext73                  text73       000000
__Htext74                  text74       000000
__Htext75                  text75       000000
__Htext76                  text76       000000
__Htext77                  text77       000000
__Htext78                  text78       000000
__Htext79                  text79       000000
__Htext8                   text8        000000
__Htext80                  text80       000000
__Htext9                   text9        000000
__LRAM                     (abs)        000001
__Labs1                    abs1         000000
__Lbank0                   bank0        000000
__Lbank1                   bank1        000000
__Lbank2                   bank2        000000
__Lbigbss                  bigbss       000000
__Lbigdata                 bigdata      000000
__Lbigram                  bigram       000000
__LbitbssCOMRAM            bitbssCOMRAM 000000
__Lbss                     bss          000000
__LbssBANK0                bssBANK0     000000
__LbssCOMRAM               bssCOMRAM    000000
__Lcinit                   cinit        000000
__Lclrtext                 clrtext      000000
__Lcomram                  comram       000000
__Lconfig                  config       300000
__Lconst                   const        000000
__LcstackBANK0             cstackBANK0  000000
__LcstackCOMRAM            cstackCOMRAM 000000
__Ldata                    data         000000
__LdataBANK0               dataBANK0    000000
__LdataCOMRAM              dataCOMRAM   000000
__Leeprom_data             eeprom_data  000000
__Lend_init                end_init     000342
__Lfarbss                  farbss       000000
__Lfardata                 fardata      000000
__Libigdata                ibigdata     000000
__Lidata                   idata        000000
__LidataBANK0              idataBANK0   000000
__LidataCOMRAM             idataCOMRAM  000000
__Lidloc                   idloc        200000
__Lifardata                ifardata     000000
__Linit                    init         000342
__Lintcode                 intcode      000008
__Lintcode_body            intcode_body 000000
__Lintcodelo               intcodelo    000342
__Lintentry                intentry     000000
__Lintret                  intret       000000
__Lintsave_regs            intsave_regs 000000
__Lirdata                  irdata       000000
__Lmediumconst             mediumconst  003268
__LnvFARRAM                nvFARRAM     000000
__Lnvbit                   nvbit        000000
__Lnvrram                  nvrram       000000
__Lparam                   rparam       000000
__Lpowerup                 powerup      000342
__Lram                     ram          000000
__Lramtop                  ramtop       000300
__Lrbit                    rbit         000000
__Lrbss                    rbss         000000
__Lrdata                   rdata        000000
__Lreset_vec               reset_vec    000000
__Lrparam                  rparam       000000
__Lsfr                     sfr          000000
__Lsmallconst              smallconst   000000
__Lspace_0                 (abs)        000000
__Lspace_1                 (abs)        000000
__Lspace_2                 (abs)        000000
__Lstack                   stack        000000
__Lstruct                  struct       000000
__Ltemp                    temp         000053
__Ltext                    text         000000
__Ltext0                   text0        000000
__Ltext1                   text1        000000
__Ltext10                  text10       000000
__Ltext11                  text11       000000
__Ltext12                  text12       000000
__Ltext13                  text13       000000
__Ltext14                  text14       000000
__Ltext15                  text15       000000
__Ltext16                  text16       000000
__Ltext17                  text17       000000
__Ltext18                  text18       000000
__Ltext19                  text19       000000
__Ltext2                   text2        000000
__Ltext20                  text20       000000
__Ltext21                  text21       000000
__Ltext22                  text22       000000
__Ltext23                  text23       000000
__Ltext24                  text24       000000
__Ltext25                  text25       000000
__Ltext26                  text26       000000
__Ltext27                  text27       000000
__Ltext28                  text28       000000
__Ltext29                  text29       000000
__Ltext3                   text3        000000
__Ltext30                  text30       000000
__Ltext31                  text31       000000
__Ltext32                  text32       000000
__Ltext33                  text33       000000
__Ltext34                  text34       000000
__Ltext35                  text35       000000
__Ltext36                  text36       000000
__Ltext37                  text37       000000
__Ltext38                  text38       000000
__Ltext39                  text39       000000
__Ltext4                   text4        000000
__Ltext40                  text40       000000
__Ltext41                  text41       000000
__Ltext42                  text42       000000
__Ltext43                  text43       000000
__Ltext44                  text44       000000
__Ltext45                  text45       000000
__Ltext46                  text46       000000
__Ltext47                  text47       000000
__Ltext48                  text48       000000
__Ltext49                  text49       000000
__Ltext5                   text5        000000
__Ltext50                  text50       000000
__Ltext51                  text51       000000
__Ltext52                  text52       000000
__Ltext53                  text53       000000
__Ltext54                  text54       000000
__Ltext55                  text55       000000
__Ltext56                  text56       000000
__Ltext57                  text57       000000
__Ltext58                  text58       000000
__Ltext59                  text59       000000
__Ltext6                   text6        000000
__Ltext60                  text60       000000
__Ltext61                  text61       000000
__Ltext62                  text62       000000
__Ltext63                  text63       000000
__Ltext64                  text64       000000
__Ltext65                  text65       000000
__Ltext67                  text67       000000
__Ltext68                  text68       000000
__Ltext69                  text69       000000
__Ltext7                   text7        000000
__Ltext70                  text70       000000
__Ltext71                  text71       000000
__Ltext72                  text72       000000
__Ltext73                  text73       000000
__Ltext74                  text74       000000
__Ltext75                  text75       000000
__Ltext76                  text76       000000
__Ltext77                  text77       000000
__Ltext78                  text78       000000
__Ltext79                  text79       000000
__Ltext8                   text8        000000
__Ltext80                  text80       000000
__Ltext9                   text9        000000
__S0                       (abs)        30000E
__S1                       (abs)        0000E6
__S2                       (abs)        000000
___awmod                   text46       002816
___awmod@counter           cstackBANK0  000085
___awmod@dividend          cstackBANK0  000081
___awmod@divisor           cstackBANK0  000083
___awmod@sign              cstackBANK0  000086
___awtoft                  text7        002C92
___awtoft@c                cstackCOMRAM 000026
___awtoft@sign             cstackCOMRAM 000029
___ftadd                   text6        001894
___ftadd@exp1              cstackBANK0  000062
___ftadd@exp2              cstackBANK0  000061
___ftadd@f1                cstackCOMRAM 000038
___ftadd@f2                cstackCOMRAM 00003B
___ftadd@sign              cstackBANK0  000060
___ftdiv                   text19       0020CA
___ftdiv@cntr              cstackBANK0  00006C
___ftdiv@exp               cstackBANK0  000070
___ftdiv@f1                cstackBANK0  000063
___ftdiv@f2                cstackBANK0  000066
___ftdiv@f3                cstackBANK0  00006D
___ftdiv@sign              cstackBANK0  000071
___ftge                    text45       0028D8
___ftge@ff1                cstackCOMRAM 00001E
___ftge@ff2                cstackCOMRAM 000021
___ftmul                   text43       001E58
___ftmul@exp               cstackCOMRAM 000033
___ftmul@f1                cstackCOMRAM 00002A
___ftmul@f2                cstackCOMRAM 00002D
___ftmul@f3_as_product     cstackCOMRAM 000035
___ftmul@sign              cstackCOMRAM 000034
___ftpack                  text44       0024CE
___ftpack@arg              cstackCOMRAM 00001E
___ftpack@exp              cstackCOMRAM 000021
___ftpack@sign             cstackCOMRAM 000022
___ftsub                   text5        002C5A
___ftsub@f1                cstackBANK0  000063
___ftsub@f2                cstackBANK0  000066
___fttol                   text42       002186
___fttol@exp1              cstackBANK0  000080
___fttol@f1                cstackBANK0  000072
___fttol@lval              cstackBANK0  00007C
___fttol@sign1             cstackBANK0  00007B
___inthi_sp                stack        000000
___intlo_sp                stack        000000
___lbmod                   text21       002EF4
___lbmod@counter           cstackCOMRAM 000020
___lbmod@dividend          cstackCOMRAM 00001F
___lbmod@divisor           cstackCOMRAM 00001E
___lbmod@rem               cstackCOMRAM 000021
___lbtoft                  text18       002F1A
___lbtoft@c                cstackCOMRAM 000029
___lwdiv                   text41       002A82
___lwdiv@counter           cstackCOMRAM 000024
___lwdiv@dividend          cstackCOMRAM 00001E
___lwdiv@divisor           cstackCOMRAM 000020
___lwdiv@quotient          cstackCOMRAM 000022
___lwmod                   text40       002BE4
___lwmod@counter           cstackCOMRAM 000022
___lwmod@dividend          cstackCOMRAM 00001E
___lwmod@divisor           cstackCOMRAM 000020
___param_bank              (abs)        000010
___rparam_used             (abs)        000001
___sp                      stack        000000
__accesstop                (abs)        000060
__activetblptr             (abs)        000002
__end_of_AD_INIT           text65       003006
__end_of_Ascii2Str         text28       0028D8
__end_of_CAP_INIT          text64       002ECA
__end_of_DS1302_INIT       text61       002FD4
__end_of_DataClean         text57       002CFE
__end_of_DispLogo          text49       0024CE
__end_of_DispPage1         text37       000E1A
__end_of_Display_Menu      text33       0029DC
__end_of_F16x16_HZ         mediumconst  003D3F
__end_of_F6x8_1            mediumconst  00351F
__end_of_F8X16             mediumconst  0034B9
__end_of_FRAM_INIT         text31       003112
__end_of_Fill_Data         text29       0020CA
__end_of_Hex2Dex           text30       002F84
__end_of_IDPage            text27       0012F6
__end_of_INIT_SPI          text32       00301C
__end_of_ISR               intcode      000342
__end_of_KEY_INIT          text26       0030CC
__end_of_KeyScan           text25       001C68
__end_of_LCD_CLS           text24       002DC6
__end_of_LCD_HZ            text53       0026C8
__end_of_LCD_INIT          text23       001FFE
__end_of_LCD_P6x8Str       text51       001894
__end_of_LCD_P8x16Sp       text48       001E58
__end_of_LCD_P8x16Str      text47       001D80
__end_of_LCD_Set_Pos       text55       002FA0
__end_of_LCD_WrCmd         text56       00307E
__end_of_LCD_WrDat         text54       00306C
__end_of_Logo              mediumconst  003F3F
__end_of_OLED_DrawBMP      text50       002988
__end_of_PWM_INIT          text22       002F62
__end_of_ResetPage         text20       00152A
__end_of_SET_DUTY          text17       002650
__end_of_Send_Hex          text36       0030DA
__end_of_Send_Str          text34       002BA2
__end_of_SetDefaultPara    text16       0022FA
__end_of_SetOKPage         text15       00273C
__end_of_SetPage           text14       0010BC
__end_of_TimeFormat        text13       0025D8
__end_of_TimePage          text12       0016E6
__end_of_UART_INIT         text11       002FBA
__end_of___awmod           text46       00287E
__end_of___awtoft          text7        002CC8
__end_of___ftadd           text6        0019F2
__end_of___ftdiv           text19       002186
__end_of___ftge            text45       002930
__end_of___ftmul           text43       001F2E
__end_of___ftpack          text44       002558
__end_of___ftsub           text5        002C92
__end_of___fttol           text42       002242
__end_of___lbmod           text21       002F1A
__end_of___lbtoft          text18       002F3E
__end_of___lwdiv           text41       002ACC
__end_of___lwmod           text40       002C22
__end_of__initialization   cinit        002808
__end_of_delay             text60       00309E
__end_of_delay_n           text10       00305A
__end_of_get_time          text8        0027AE
__end_of_itoa              text38       002D66
__end_of_main              text0        000AAE
__end_of_readAD            text4        001B46
__end_of_read_F            text2        002DF2
__end_of_read_spi          text3        00308E
__end_of_read_time         text9        002D96
__end_of_set_time          text1        002C5A
__end_of_show6x8           text52       002A82
__end_of_strlen            text35       002EA0
__end_of_utoa              text39       002442
__end_of_write_F           text58       002B16
__end_of_write_cmd         text63       002E4A
__end_of_write_data        text62       002E1E
__end_of_write_spi         text59       0030E8
__end_ofi2_DataClean       text77       002D34
__end_ofi2_Display_Menu    text73       002A30
__end_ofi2_FRAM_INIT       text71       003118
__end_ofi2_INIT_SPI        text72       003032
__end_ofi2_Send_Hex        text76       0030F6
__end_ofi2_Send_Str        text74       002BE4
__end_ofi2_SetDefaultPara  text70       0023B2
__end_ofi2_UART_INIT       text69       002FEE
__end_ofi2_delay           text80       0030BE
__end_ofi2_read_F          text67       002E76
__end_ofi2_read_spi        text68       0030AE
__end_ofi2_strlen          text75       002EF4
__end_ofi2_write_F         text78       002B60
__end_ofi2_write_spi       text79       003104
__initialization           cinit        0027AE
__mediumconst              mediumconst  003268
__pbitbssCOMRAM            bitbssCOMRAM 000290
__pbssBANK0                bssBANK0     0000A9
__pbssCOMRAM               bssCOMRAM    000041
__pcinit                   cinit        0027AE
__pcstackBANK0             cstackBANK0  000060
__pcstackCOMRAM            cstackCOMRAM 000001
__pdataBANK0               dataBANK0    0000D2
__pdataCOMRAM              dataCOMRAM   00004A
__pidataBANK0              idataBANK0   003032
__pidataCOMRAM             idataCOMRAM  003104
__pintcode                 intcode      000008
__pmediumconst             mediumconst  003268
__ptext0                   text0        000346
__ptext1                   text1        002C22
__ptext10                  text10       003046
__ptext11                  text11       002FA0
__ptext12                  text12       00152A
__ptext13                  text13       002558
__ptext14                  text14       000E1A
__ptext15                  text15       0026C8
__ptext16                  text16       002242
__ptext17                  text17       0025D8
__ptext18                  text18       002F1A
__ptext19                  text19       0020CA
__ptext2                   text2        002DC6
__ptext20                  text20       0012F6
__ptext21                  text21       002EF4
__ptext22                  text22       002F3E
__ptext23                  text23       001F2E
__ptext24                  text24       002D96
__ptext25                  text25       001B46
__ptext26                  text26       0030BE
__ptext27                  text27       0010BC
__ptext28                  text28       00287E
__ptext29                  text29       001FFE
__ptext3                   text3        00307E
__ptext30                  text30       002F62
__ptext31                  text31       00310C
__ptext32                  text32       003006
__ptext33                  text33       002988
__ptext34                  text34       002B60
__ptext35                  text35       002E76
__ptext36                  text36       0030CC
__ptext37                  text37       000AAE
__ptext38                  text38       002D34
__ptext39                  text39       0023B2
__ptext4                   text4        0019F2
__ptext40                  text40       002BE4
__ptext41                  text41       002A82
__ptext42                  text42       002186
__ptext43                  text43       001E58
__ptext44                  text44       0024CE
__ptext45                  text45       0028D8
__ptext46                  text46       002816
__ptext47                  text47       001C68
__ptext48                  text48       001D80
__ptext49                  text49       002442
__ptext5                   text5        002C5A
__ptext50                  text50       002930
__ptext51                  text51       0016E6
__ptext52                  text52       002A30
__ptext53                  text53       002650
__ptext54                  text54       00305A
__ptext55                  text55       002F84
__ptext56                  text56       00306C
__ptext57                  text57       002CC8
__ptext58                  text58       002ACC
__ptext59                  text59       0030DA
__ptext6                   text6        001894
__ptext60                  text60       00308E
__ptext61                  text61       002FBA
__ptext62                  text62       002DF2
__ptext63                  text63       002E1E
__ptext64                  text64       002EA0
__ptext65                  text65       002FEE
__ptext67                  text67       002E4A
__ptext68                  text68       00309E
__ptext69                  text69       002FD4
__ptext7                   text7        002C92
__ptext70                  text70       0022FA
__ptext71                  text71       003112
__ptext72                  text72       00301C
__ptext73                  text73       0029DC
__ptext74                  text74       002BA2
__ptext75                  text75       002ECA
__ptext76                  text76       0030E8
__ptext77                  text77       002CFE
__ptext78                  text78       002B16
__ptext79                  text79       0030F6
__ptext8                   text8        00273C
__ptext80                  text80       0030AE
__ptext9                   text9        002D66
__ramtop                   ramtop       000300
__size_of_AD_INIT          (abs)        000000
__size_of_Ascii2Str        (abs)        000000
__size_of_CAP_INIT         (abs)        000000
__size_of_DS1302_INIT      (abs)        000000
__size_of_DataClean        (abs)        000000
__size_of_DispLogo         (abs)        000000
__size_of_DispPage1        (abs)        000000
__size_of_Display_Menu     (abs)        000000
__size_of_FRAM_INIT        (abs)        000000
__size_of_Fill_Data        (abs)        000000
__size_of_Hex2Dex          (abs)        000000
__size_of_IDPage           (abs)        000000
__size_of_INIT_SPI         (abs)        000000
__size_of_ISR              (abs)        000000
__size_of_KEY_INIT         (abs)        000000
__size_of_KeyScan          (abs)        000000
__size_of_LCD_CLS          (abs)        000000
__size_of_LCD_HZ           (abs)        000000
__size_of_LCD_INIT         (abs)        000000
__size_of_LCD_P6x8Str      (abs)        000000
__size_of_LCD_P8x16Sp      (abs)        000000
__size_of_LCD_P8x16Str     (abs)        000000
__size_of_LCD_Set_Pos      (abs)        000000
__size_of_LCD_WrCmd        (abs)        000000
__size_of_LCD_WrDat        (abs)        000000
__size_of_OLED_DrawBMP     (abs)        000000
__size_of_PWM_INIT         (abs)        000000
__size_of_ResetPage        (abs)        000000
__size_of_SET_DUTY         (abs)        000000
__size_of_Send_Hex         (abs)        000000
__size_of_Send_Str         (abs)        000000
__size_of_SetDefaultPara   (abs)        000000
__size_of_SetOKPage        (abs)        000000
__size_of_SetPage          (abs)        000000
__size_of_TimeFormat       (abs)        000000
__size_of_TimePage         (abs)        000000
__size_of_UART_INIT        (abs)        000000
__size_of___awmod          (abs)        000000
__size_of___awtoft         (abs)        000000
__size_of___ftadd          (abs)        000000
__size_of___ftdiv          (abs)        000000
__size_of___ftge           (abs)        000000
__size_of___ftmul          (abs)        000000
__size_of___ftpack         (abs)        000000
__size_of___ftsub          (abs)        000000
__size_of___fttol          (abs)        000000
__size_of___lbmod          (abs)        000000
__size_of___lbtoft         (abs)        000000
__size_of___lwdiv          (abs)        000000
__size_of___lwmod          (abs)        000000
__size_of_delay            (abs)        000000
__size_of_delay_n          (abs)        000000
__size_of_get_time         (abs)        000000
__size_of_itoa             (abs)        000000
__size_of_main             (abs)        000000
__size_of_readAD           (abs)        000000
__size_of_read_F           (abs)        000000
__size_of_read_spi         (abs)        000000
__size_of_read_time        (abs)        000000
__size_of_set_time         (abs)        000000
__size_of_show6x8          (abs)        000000
__size_of_strlen           (abs)        000000
__size_of_utoa             (abs)        000000
__size_of_write_F          (abs)        000000
__size_of_write_cmd        (abs)        000000
__size_of_write_data       (abs)        000000
__size_of_write_spi        (abs)        000000
__size_ofi2_DataClean      (abs)        000000
__size_ofi2_Display_Menu   (abs)        000000
__size_ofi2_FRAM_INIT      (abs)        000000
__size_ofi2_INIT_SPI       (abs)        000000
__size_ofi2_Send_Hex       (abs)        000000
__size_ofi2_Send_Str       (abs)        000000
__size_ofi2_SetDefaultPara (abs)        000000
__size_ofi2_UART_INIT      (abs)        000000
__size_ofi2_delay          (abs)        000000
__size_ofi2_read_F         (abs)        000000
__size_ofi2_read_spi       (abs)        000000
__size_ofi2_strlen         (abs)        000000
__size_ofi2_write_F        (abs)        000000
__size_ofi2_write_spi      (abs)        000000
__smallconst               smallconst   000000
_address                   bssBANK0     0000CF
_delay                     text60       00308E
_delay_n                   text10       003046
_dutyH                     bssBANK0     0000CC
_dutyL                     bssBANK0     0000CD
_get_time                  text8        00273C
_hits                      bssBANK0     0000CE
_itoa                      text38       002D34
_main                      text0        000346
_main$526                  cstackBANK0  00009D
_main$532                  cstackBANK0  00009F
_main$534                  cstackBANK0  0000A1
_readAD                    text4        0019F2
_read_F                    text2        002DC6
_read_spi                  text3        00307E
_read_time                 text9        002D66
_set_time                  text1        002C22
_show6x8                   text52       002A30
_start                     dataBANK0    0000DF
_strlen                    text35       002E76
_table                     dataCOMRAM   00004B
_time                      bssBANK0     0000C7
_utoa                      text39       0023B2
_write_F                   text58       002ACC
_write_cmd                 text63       002E1E
_write_data                text62       002DF2
_write_spi                 text59       0030DA
btemp                      temp         000053
delay@t                    cstackCOMRAM 00001E
delay_n@n                  cstackCOMRAM 000020
end_of_initialization      cinit        002808
get_time@i                 cstackCOMRAM 000021
i2DataClean@b_add          cstackCOMRAM 000008
i2DataClean@e_add          cstackCOMRAM 00000A
i2DataClean@i              cstackCOMRAM 00000E
i2Send_Hex@data            cstackCOMRAM 000001
i2Send_Str@data            cstackCOMRAM 000005
i2Send_Str@i               cstackCOMRAM 000009
i2_DataClean               text77       002CFE
i2_Display_Menu            text73       0029DC
i2_FRAM_INIT               text71       003112
i2_INIT_SPI                text72       00301C
i2_Send_Hex                text76       0030E8
i2_Send_Str                text74       002BA2
i2_SetDefaultPara          text70       0022FA
i2_UART_INIT               text69       002FD4
i2_delay                   text80       0030AE
i2_read_F                  text67       002E4A
i2_read_spi                text68       00309E
i2_strlen                  text75       002ECA
i2_write_F                 text78       002B16
i2_write_spi               text79       0030F6
i2delay@t                  cstackCOMRAM 000001
i2read_F@H                 cstackCOMRAM 000006
i2read_F@L                 cstackCOMRAM 000005
i2read_F@address           cstackCOMRAM 000002
i2read_F@t                 cstackCOMRAM 000004
i2read_spi@t               cstackCOMRAM 000001
i2strlen@cp                cstackCOMRAM 000003
i2strlen@s                 cstackCOMRAM 000001
i2write_F@H                cstackCOMRAM 000007
i2write_F@L                cstackCOMRAM 000006
i2write_F@address          cstackCOMRAM 000003
i2write_F@t                cstackCOMRAM 000005
i2write_spi@data           cstackCOMRAM 000001
int$flags                  temp         000053
intlevel0                  text         000000
intlevel1                  text         000000
intlevel2                  text         000000
intlevel3                  text         000000
itoa@base                  cstackBANK0  000089
itoa@buf                   cstackBANK0  00008C
itoa@val                   cstackBANK0  000087
main@Arrow_Ptr             cstackBANK0  0000A6
main@Key                   cstackBANK0  0000A8
main@SetLev                cstackBANK0  0000A7
main@change                cstackBANK0  0000A3
main@index                 cstackBANK0  0000A4
readAD@tmp                 cstackBANK0  000069
read_F@H                   cstackCOMRAM 000023
read_F@L                   cstackCOMRAM 000022
read_F@address             cstackCOMRAM 00001F
read_F@t                   cstackCOMRAM 000021
read_spi@t                 cstackCOMRAM 00001E
read_time@j                cstackCOMRAM 00001F
read_time@rec              cstackCOMRAM 00001E
read_time@temp             bitbssCOMRAM 000293
set_time@date              cstackCOMRAM 000021
set_time@i                 cstackCOMRAM 000022
show6x8@c                  cstackCOMRAM 000023
show6x8@i                  cstackCOMRAM 000027
show6x8@x                  cstackCOMRAM 000026
show6x8@y                  cstackCOMRAM 000022
stackhi                    (abs)        0002FF
stacklo                    (abs)        0000E6
start                      init         000342
start_initialization       cinit        0027AE
strlen@cp                  cstackCOMRAM 000020
strlen@s                   cstackCOMRAM 00001E
utoa@base                  cstackCOMRAM 000027
utoa@buf                   cstackCOMRAM 00002C
utoa@c                     cstackCOMRAM 00002B
utoa@v                     cstackCOMRAM 000029
utoa@val                   cstackCOMRAM 000025
write_F@H                  cstackCOMRAM 000025
write_F@L                  cstackCOMRAM 000024
write_F@address            cstackCOMRAM 000021
write_F@t                  cstackCOMRAM 000023
write_cmd@cmd              cstackCOMRAM 00001E
write_cmd@j                cstackCOMRAM 00001F
write_data@data            cstackCOMRAM 00001E
write_data@j               cstackCOMRAM 00001F
write_spi@data             cstackCOMRAM 00001E


FUNCTION INFORMATION:

 *************** function _main *****************
 Defined at:
		line 113 in file "C:/Users/Administrator/Desktop/PIC_BLDC_HALL.X/main.c"
 Parameters:    Size  Location     Type
  argc            2   54[BANK0 ] int 
  argv            3   56[BANK0 ] PTR PTR unsigned char 
 Auto vars:     Size  Location     Type
  change          1   67[BANK0 ] unsigned char 
  index           2   68[BANK0 ] int 
  Key             1   72[BANK0 ] unsigned char 
  SetLev          1   71[BANK0 ] unsigned char 
  Arrow_Ptr       1   70[BANK0 ] unsigned char 
 Return value:  Size  Location     Type
                  2   54[BANK0 ] int 
 Registers used:
		wreg, fsr1l, fsr1h, fsr2l, fsr2h, status,2, status,0, tblptrl, tblptrh, tblptru, prodl, prodh, cstack
 Tracked objects:
		On entry : 
		On exit  : 
		Unchanged: 
 Data sizes:     COMRAM   BANK0   BANK1   BANK2
      Params:         0       5       0       0
      Locals:         0      12       0       0
      Temps:          0       2       0       0
      Totals:         0      19       0       0
Total ram usage:       19 bytes
 Hardware stack levels required when called:   10
 This function calls:
		_AD_INIT
		_CAP_INIT
		_DS1302_INIT
		_DataClean
		_DispLogo
		_DispPage1
		_Display_Menu
		_FRAM_INIT
		_Fill_Data
		_IDPage
		_KEY_INIT
		_KeyScan
		_LCD_CLS
		_LCD_INIT
		_PWM_INIT
		_ResetPage
		_SET_DUTY
		_SetDefaultPara
		_SetOKPage
		_SetPage
		_TimeFormat
		_TimePage
		_UART_INIT
		___ftadd
		___ftdiv
		___ftmul
		___fttol
		___lbmod
		___lbtoft
		_delay_n
		_get_time
		_readAD
		_read_F
		_set_time
		_write_F
 This function is called by:
		Startup code after reset
 This function uses a non-reentrant model


 *************** function _set_time *****************
 Defined at:
		line 42 in file "DS1302.c"
 Parameters:    Size  Location     Type
  date            1    wreg     PTR unsigned char 
		 -> start(7), table(7), 
 Auto vars:     Size  Location     Type
  date            1   32[COMRAM] PTR unsigned char 
		 -> start(7), table(7), 
  i               2   33[COMRAM] int 
 Return value:  Size  Location     Type
                  1    wreg      void 
 Registers used:
		wreg, fsr2l, fsr2h, status,2, status,0, cstack
 Tracked objects:
		On entry : 
		On exit  : 
		Unchanged: 
 Data sizes:     COMRAM   BANK0   BANK1   BANK2
      Params:         0       0       0       0
      Locals:         3       0       0       0
      Temps:          0       0       0       0
      Totals:         3       0       0       0
Total ram usage:        3 bytes
 Hardware stack levels used:    1
 Hardware stack levels required when called:    5
 This function calls:
		_write_cmd
		_write_data
 This function is called by:
		_main
 This function uses a non-reentrant model


 *************** function _read_F *****************
 Defined at:
		line 39 in file "C:/Users/Administrator/Desktop/PIC_BLDC_HALL.X/FRAM.c"
 Parameters:    Size  Location     Type
  address         2   30[COMRAM] unsigned int 
 Auto vars:     Size  Location     Type
  H               1   34[COMRAM] unsigned char 
  L               1   33[COMRAM] unsigned char 
  t               1   32[COMRAM] unsigned char 
 Return value:  Size  Location     Type
                  1    wreg      unsigned char 
 Registers used:
		wreg, status,2, cstack
 Tracked objects:
		On entry : 
		On exit  : 
		Unchanged: 
 Data sizes:     COMRAM   BANK0   BANK1   BANK2
      Params:         2       0       0       0
      Locals:         3       0       0       0
      Temps:          0       0       0       0
      Totals:         5       0       0       0
Total ram usage:        5 bytes
 Hardware stack levels used:    1
 Hardware stack levels required when called:    5
 This function calls:
		_read_spi
		_write_spi
 This function is called by:
		_main
 This function uses a non-reentrant model


 *************** function _read_spi *****************
 Defined at:
		line 19 in file "C:/Users/Administrator/Desktop/PIC_BLDC_HALL.X/SPI.c"
 Parameters:    Size  Location     Type
		None
 Auto vars:     Size  Location     Type
  t               1   29[COMRAM] unsigned char 
 Return value:  Size  Location     Type
                  1    wreg      unsigned char 
 Registers used:
		wreg, status,2
 Tracked objects:
		On entry : 
		On exit  : 
		Unchanged: 
 Data sizes:     COMRAM   BANK0   BANK1   BANK2
      Params:         0       0       0       0
      Locals:         1       0       0       0
      Temps:          0       0       0       0
      Totals:         1       0       0       0
Total ram usage:        1 bytes
 Hardware stack levels used:    1
 Hardware stack levels required when called:    4
 This function calls:
		Nothing
 This function is called by:
		_read_F
 This function uses a non-reentrant model


 *************** function _readAD *****************
 Defined at:
		line 29 in file "C:/Users/Administrator/Desktop/PIC_BLDC_HALL.X/AD.c"
 Parameters:    Size  Location     Type
		None
 Auto vars:     Size  Location     Type
  tmp             3    9[BANK0 ] float 
 Return value:  Size  Location     Type
                  1    wreg      void 
 Registers used:
		wreg, status,2, status,0, prodl, prodh, cstack
 Tracked objects:
		On entry : 
		On exit  : 
		Unchanged: 
 Data sizes:     COMRAM   BANK0   BANK1   BANK2
      Params:         0       0       0       0
      Locals:         0       3       0       0
      Temps:          0       0       0       0
      Totals:         0       3       0       0
Total ram usage:        3 bytes
 Hardware stack levels used:    1
 Hardware stack levels required when called:    7
 This function calls:
		___awtoft
		___ftadd
		___ftmul
		___ftsub
		___lbtoft
 This function is called by:
		_main
 This function uses a non-reentrant model


 *************** function ___ftsub *****************
 Defined at:
		line 20 in file "D:\Program Files (x86)\Microchip\xc8\v1.37\sources\common\ftsub.c"
 Parameters:    Size  Location     Type
  f1              3    3[BANK0 ] float 
  f2              3    6[BANK0 ] float 
 Auto vars:     Size  Location     Type
		None
 Return value:  Size  Location     Type
                  3    3[BANK0 ] float 
 Registers used:
		wreg, status,2, status,0, cstack
 Tracked objects:
		On entry : 
		On exit  : 
		Unchanged: 
 Data sizes:     COMRAM   BANK0   BANK1   BANK2
      Params:         0       6       0       0
      Locals:         0       0       0       0
      Temps:          0       0       0       0
      Totals:         0       6       0       0
Total ram usage:        6 bytes
 Hardware stack levels used:    1
 Hardware stack levels required when called:    6
 This function calls:
		___ftadd
 This function is called by:
		_readAD
 This function uses a non-reentrant model


 *************** function ___ftadd *****************
 Defined at:
		line 86 in file "D:\Program Files (x86)\Microchip\xc8\v1.37\sources\common\ftadd.c"
 Parameters:    Size  Location     Type
  f1              3   55[COMRAM] float 
  f2              3   58[COMRAM] float 
 Auto vars:     Size  Location     Type
  exp1            1    2[BANK0 ] unsigned char 
  exp2            1    1[BANK0 ] unsigned char 
  sign            1    0[BANK0 ] unsigned char 
 Return value:  Size  Location     Type
                  3   55[COMRAM] float 
 Registers used:
		wreg, status,2, status,0, cstack
 Tracked objects:
		On entry : 
		On exit  : 
		Unchanged: 
 Data sizes:     COMRAM   BANK0   BANK1   BANK2
      Params:         6       0       0       0
      Locals:         0       3       0       0
      Temps:          3       0       0       0
      Totals:         9       3       0       0
Total ram usage:       12 bytes
 Hardware stack levels used:    1
 Hardware stack levels required when called:    5
 This function calls:
		___ftpack
 This function is called by:
		_readAD
		_main
		___ftsub
 This function uses a non-reentrant model


 *************** function ___awtoft *****************
 Defined at:
		line 32 in file "D:\Program Files (x86)\Microchip\xc8\v1.37\sources\common\awtoft.c"
 Parameters:    Size  Location     Type
  c               2   37[COMRAM] int 
 Auto vars:     Size  Location     Type
  sign            1   40[COMRAM] unsigned char 
 Return value:  Size  Location     Type
                  3   37[COMRAM] float 
 Registers used:
		wreg, status,2, status,0, cstack
 Tracked objects:
		On entry : 
		On exit  : 
		Unchanged: 
 Data sizes:     COMRAM   BANK0   BANK1   BANK2
      Params:         3       0       0       0
      Locals:         1       0       0       0
      Temps:          0       0       0       0
      Totals:         4       0       0       0
Total ram usage:        4 bytes
 Hardware stack levels used:    1
 Hardware stack levels required when called:    5
 This function calls:
		___ftpack
 This function is called by:
		_readAD
		_SET_DUTY
 This function uses a non-reentrant model


 *************** function _get_time *****************
 Defined at:
		line 132 in file "DS1302.c"
 Parameters:    Size  Location     Type
		None
 Auto vars:     Size  Location     Type
  i               2   32[COMRAM] int 
 Return value:  Size  Location     Type
                  1    wreg      void 
 Registers used:
		wreg, fsr2l, fsr2h, status,2, status,0, cstack
 Tracked objects:
		On entry : 
		On exit  : 
		Unchanged: 
 Data sizes:     COMRAM   BANK0   BANK1   BANK2
      Params:         0       0       0       0
      Locals:         2       0       0       0
      Temps:          0       0       0       0
      Totals:         2       0       0       0
Total ram usage:        2 bytes
 Hardware stack levels used:    1
 Hardware stack levels required when called:    5
 This function calls:
		_read_time
		_write_cmd
		_write_data
 This function is called by:
		_main
 This function uses a non-reentrant model


 *************** function _read_time *****************
 Defined at:
		line 106 in file "DS1302.c"
 Parameters:    Size  Location     Type
		None
 Auto vars:     Size  Location     Type
  j               2   30[COMRAM] int 
  rec             1   29[COMRAM] unsigned char 
 Return value:  Size  Location     Type
                  1    wreg      unsigned char 
 Registers used:
		wreg, status,2, status,0
 Tracked objects:
		On entry : 
		On exit  : 
		Unchanged: 
 Data sizes:     COMRAM   BANK0   BANK1   BANK2
      Params:         0       0       0       0
      Locals:         3       0       0       0
      Temps:          0       0       0       0
      Totals:         3       0       0       0
Total ram usage:        3 bytes
 Hardware stack levels used:    1
 Hardware stack levels required when called:    4
 This function calls:
		Nothing
 This function is called by:
		_get_time
 This function uses a non-reentrant model


 *************** function _delay_n *****************
 Defined at:
		line 61 in file "C:/Users/Administrator/Desktop/PIC_BLDC_HALL.X/motor.c"
[...]
		None
 Auto vars:     Size  Location     Type
  read_spi        1    0[COMRAM] unsigned char 
 Return value:  Size  Location     Type
                  1    wreg      unsigned char 
 Registers used:
		wreg, status,2
 Tracked objects:
		On entry : 
		On exit  : 
		Unchanged: 
 Data sizes:     COMRAM   BANK0   BANK1   BANK2
      Params:         0       0       0       0
      Locals:         1       0       0       0
      Temps:          0       0       0       0
      Totals:         1       0       0       0
Total ram usage:        1 bytes
 Hardware stack levels used:    1
 This function calls:
		Nothing
 This function is called by:
		i2_read_F
 This function uses a non-reentrant model


 *************** function i2_UART_INIT *****************
 Defined at:
		line 5 in file "C:/Users/Administrator/Desktop/PIC_BLDC_HALL.X/UART.c"
 Parameters:    Size  Location     Type
		None
 Auto vars:     Size  Location     Type
		None
 Return value:  Size  Location     Type
                  1    wreg      void 
 Registers used:
		wreg, status,2
 Tracked objects:
		On entry : 
		On exit  : 
		Unchanged: 
 Data sizes:     COMRAM   BANK0   BANK1   BANK2
      Params:         0       0       0       0
      Locals:         0       0       0       0
      Temps:          0       0       0       0
      Totals:         0       0       0       0
Total ram usage:        0 bytes
 Hardware stack levels used:    1
 This function calls:
		Nothing
 This function is called by:
		_ISR
 This function uses a non-reentrant model


 *************** function i2_SetDefaultPara *****************
 Defined at:
		line 33 in file "C:/Users/Administrator/Desktop/PIC_BLDC_HALL.X/motor.c"
 Parameters:    Size  Location     Type
		None
 Auto vars:     Size  Location     Type
		None
 Return value:  Size  Location     Type
                  1    wreg      void 
 Registers used:
		wreg, status,2, status,0, cstack
 Tracked objects:
		On entry : 
		On exit  : 
		Unchanged: 
 Data sizes:     COMRAM   BANK0   BANK1   BANK2
      Params:         0       0       0       0
      Locals:         0       0       0       0
      Temps:          0       0       0       0
      Totals:         0       0       0       0
Total ram usage:        0 bytes
 Hardware stack levels used:    1
 Hardware stack levels required when called:    2
 This function calls:
		i2_write_F
 This function is called by:
		_ISR
 This function uses a non-reentrant model


 *************** function i2_FRAM_INIT *****************
 Defined at:
		line 14 in file "C:/Users/Administrator/Desktop/PIC_BLDC_HALL.X/FRAM.c"
 Parameters:    Size  Location     Type
		None
 Auto vars:     Size  Location     Type
		None
 Return value:  Size  Location     Type
                  1    wreg      void 
 Registers used:
		wreg, status,2, cstack
 Tracked objects:
		On entry : 
		On exit  : 
		Unchanged: 
 Data sizes:     COMRAM   BANK0   BANK1   BANK2
      Params:         0       0       0       0
      Locals:         0       0       0       0
      Temps:          0       0       0       0
      Totals:         0       0       0       0
Total ram usage:        0 bytes
 Hardware stack levels used:    1
 Hardware stack levels required when called:    1
 This function calls:
		i2_INIT_SPI
 This function is called by:
		_ISR
 This function uses a non-reentrant model


 *************** function i2_INIT_SPI *****************
 Defined at:
		line 4 in file "C:/Users/Administrator/Desktop/PIC_BLDC_HALL.X/SPI.c"
 Parameters:    Size  Location     Type
		None
 Auto vars:     Size  Location     Type
		None
 Return value:  Size  Location     Type
                  1    wreg      void 
 Registers used:
		wreg, status,2
 Tracked objects:
		On entry : 
		On exit  : 
		Unchanged: 
 Data sizes:     COMRAM   BANK0   BANK1   BANK2
      Params:         0       0       0       0
      Locals:         0       0       0       0
      Temps:          0       0       0       0
      Totals:         0       0       0       0
Total ram usage:        0 bytes
 Hardware stack levels used:    1
 This function calls:
		Nothing
 This function is called by:
		i2_FRAM_INIT
 This function uses a non-reentrant model


 *************** function i2_Display_Menu *****************
 Defined at:
		line 8 in file "C:/Users/Administrator/Desktop/PIC_BLDC_HALL.X/motor.c"
 Parameters:    Size  Location     Type
		None
 Auto vars:     Size  Location     Type
		None
 Return value:  Size  Location     Type
                  1    wreg      void 
 Registers used:
		wreg, status,2, status,0, tblptrl, tblptrh, tblptru, cstack
 Tracked objects:
		On entry : 
		On exit  : 
		Unchanged: 
 Data sizes:     COMRAM   BANK0   BANK1   BANK2
      Params:         0       0       0       0
      Locals:         0       0       0       0
      Temps:          0       0       0       0
      Totals:         0       0       0       0
Total ram usage:        0 bytes
 Hardware stack levels used:    1
 Hardware stack levels required when called:    2
 This function calls:
		i2_Send_Str
 This function is called by:
		_ISR
 This function uses a non-reentrant model


 *************** function i2_Send_Str *****************
 Defined at:
		line 30 in file "C:/Users/Administrator/Desktop/PIC_BLDC_HALL.X/UART.c"
 Parameters:    Size  Location     Type
  data            2    4[COMRAM] PTR unsigned char 
		 -> STR_37(43), STR_36(24), STR_35(30), STR_34(21), 
		 -> STR_33(27), STR_32(17), STR_31(11), 
 Auto vars:     Size  Location     Type
  Send_Str        2    8[COMRAM] int 
 Return value:  Size  Location     Type
                  1    wreg      void 
 Registers used:
		wreg, status,2, status,0, tblptrl, tblptrh, tblptru, cstack
 Tracked objects:
		On entry : 
		On exit  : 
		Unchanged: 
 Data sizes:     COMRAM   BANK0   BANK1   BANK2
      Params:         2       0       0       0
      Locals:         2       0       0       0
      Temps:          2       0       0       0
      Totals:         6       0       0       0
Total ram usage:        6 bytes
 Hardware stack levels used:    1
 Hardware stack levels required when called:    1
 This function calls:
		i2_Send_Hex
		i2_strlen
 This function is called by:
		i2_Display_Menu
 This function uses a non-reentrant model


 *************** function i2_strlen *****************
 Defined at:
		line 4 in file "D:\Program Files (x86)\Microchip\xc8\v1.37\sources\common\strlen.c"
 Parameters:    Size  Location     Type
  s               2    0[COMRAM] PTR const unsigned char 
		 -> STR_37(43), STR_36(24), STR_35(30), STR_34(21), 
		 -> STR_33(27), STR_32(17), STR_31(11), 
 Auto vars:     Size  Location     Type
  strlen          2    2[COMRAM] PTR const unsigned char 
		 -> STR_37(43), STR_36(24), STR_35(30), STR_34(21), 
		 -> STR_33(27), STR_32(17), STR_31(11), 
 Return value:  Size  Location     Type
                  2    0[COMRAM] unsigned int 
 Registers used:
		wreg, status,2, status,0, tblptrl, tblptrh, tblptru
 Tracked objects:
		On entry : 
		On exit  : 
		Unchanged: 
 Data sizes:     COMRAM   BANK0   BANK1   BANK2
      Params:         2       0       0       0
      Locals:         2       0       0       0
      Temps:          0       0       0       0
      Totals:         4       0       0       0
Total ram usage:        4 bytes
 Hardware stack levels used:    1
 This function calls:
		Nothing
 This function is called by:
		i2_Send_Str
 This function uses a non-reentrant model


 *************** function i2_Send_Hex *****************
 Defined at:
		line 23 in file "C:/Users/Administrator/Desktop/PIC_BLDC_HALL.X/UART.c"
 Parameters:    Size  Location     Type
  data            1    wreg     unsigned char 
 Auto vars:     Size  Location     Type
  data            1    0[COMRAM] unsigned char 
 Return value:  Size  Location     Type
                  1    wreg      void 
 Registers used:
		wreg
 Tracked objects:
		On entry : 
		On exit  : 
		Unchanged: 
 Data sizes:     COMRAM   BANK0   BANK1   BANK2
      Params:         0       0       0       0
      Locals:         1       0       0       0
      Temps:          0       0       0       0
      Totals:         1       0       0       0
Total ram usage:        1 bytes
 Hardware stack levels used:    1
 This function calls:
		Nothing
 This function is called by:
		_ISR
		i2_Send_Str
 This function uses a non-reentrant model


 *************** function i2_DataClean *****************
 Defined at:
		line 55 in file "C:/Users/Administrator/Desktop/PIC_BLDC_HALL.X/FRAM.c"
 Parameters:    Size  Location     Type
  b_add           2    7[COMRAM] unsigned int 
  e_add           2    9[COMRAM] unsigned int 
 Auto vars:     Size  Location     Type
  DataClean       2   13[COMRAM] unsigned int 
 Return value:  Size  Location     Type
                  1    wreg      void 
 Registers used:
		wreg, status,2, status,0, cstack
 Tracked objects:
		On entry : 
		On exit  : 
		Unchanged: 
 Data sizes:     COMRAM   BANK0   BANK1   BANK2
      Params:         4       0       0       0
      Locals:         2       0       0       0
      Temps:          2       0       0       0
      Totals:         8       0       0       0
Total ram usage:        8 bytes
 Hardware stack levels used:    1
 Hardware stack levels required when called:    2
 This function calls:
		i2_write_F
 This function is called by:
		_ISR
 This function uses a non-reentrant model


 *************** function i2_write_F *****************
 Defined at:
		line 20 in file "C:/Users/Administrator/Desktop/PIC_BLDC_HALL.X/FRAM.c"
 Parameters:    Size  Location     Type
  t               1    wreg     unsigned char 
  address         2    2[COMRAM] unsigned int 
 Auto vars:     Size  Location     Type
  t               1    4[COMRAM] unsigned char 
  write_F         1    6[COMRAM] unsigned char 
  write_F         1    5[COMRAM] unsigned char 
 Return value:  Size  Location     Type
                  1    wreg      void 
 Registers used:
		wreg, status,2, status,0, cstack
 Tracked objects:
		On entry : 
		On exit  : 
		Unchanged: 
 Data sizes:     COMRAM   BANK0   BANK1   BANK2
      Params:         2       0       0       0
      Locals:         3       0       0       0
      Temps:          0       0       0       0
      Totals:         5       0       0       0
Total ram usage:        5 bytes
 Hardware stack levels used:    1
 Hardware stack levels required when called:    1
 This function calls:
		i2_delay
		i2_write_spi
 This function is called by:
		i2_DataClean
		i2_SetDefaultPara
 This function uses a non-reentrant model


 *************** function i2_write_spi *****************
 Defined at:
		line 12 in file "C:/Users/Administrator/Desktop/PIC_BLDC_HALL.X/SPI.c"
 Parameters:    Size  Location     Type
  data            1    wreg     unsigned char 
 Auto vars:     Size  Location     Type
  data            1    0[COMRAM] unsigned char 
 Return value:  Size  Location     Type
                  1    wreg      void 
 Registers used:
		wreg
 Tracked objects:
		On entry : 
		On exit  : 
		Unchanged: 
 Data sizes:     COMRAM   BANK0   BANK1   BANK2
      Params:         0       0       0       0
      Locals:         1       0       0       0
      Temps:          0       0       0       0
      Totals:         1       0       0       0
Total ram usage:        1 bytes
 Hardware stack levels used:    1
 This function calls:
		Nothing
 This function is called by:
		i2_write_F
		i2_read_F
 This function uses a non-reentrant model


 *************** function i2_delay *****************
 Defined at:
		line 56 in file "C:/Users/Administrator/Desktop/PIC_BLDC_HALL.X/motor.c"
 Parameters:    Size  Location     Type
  t               2    0[COMRAM] unsigned int 
 Auto vars:     Size  Location     Type
		None
 Return value:  Size  Location     Type
                  1    wreg      void 
 Registers used:
		wreg, status,2, status,0
 Tracked objects:
		On entry : 
		On exit  : 
		Unchanged: 
 Data sizes:     COMRAM   BANK0   BANK1   BANK2
      Params:         2       0       0       0
      Locals:         0       0       0       0
      Temps:          0       0       0       0
      Totals:         2       0       0       0
Total ram usage:        2 bytes
 Hardware stack levels used:    1
 This function calls:
		Nothing
 This function is called by:
		i2_write_F
 This function uses a non-reentrant model



MODULE INFORMATION

Module		Function		Class		Link	Load	Size
C:/Users/Administrator/Desktop/PIC_BLDC_HALL.X/PWM.c
		_CAP_INIT      		CODE           	2EA0	0000	43
		_PWM_INIT      		CODE           	2F3E	0000	37
		_SET_DUTY      		CODE           	25D8	0000	121

C:/Users/Administrator/Desktop/PIC_BLDC_HALL.X/PWM.c estimated size: 201

D:\Program Files (x86)\Microchip\xc8\v1.37\sources\common\ftadd.c
		___ftadd       		CODE           	1894	0000	351

D:\Program Files (x86)\Microchip\xc8\v1.37\sources\common\ftadd.c estimated size: 351

C:/Users/Administrator/Desktop/PIC_BLDC_HALL.X/motor.c
		_delay         		CODE           	308E	0000	17
		_SetDefaultPara		CODE           	2242	0000	185
		_delay_n       		CODE           	3046	0000	21
		_Display_Menu  		CODE           	2988	0000	85

C:/Users/Administrator/Desktop/PIC_BLDC_HALL.X/motor.c estimated size: 308

D:\Program Files (x86)\Microchip\xc8\v1.37\sources\common\ftsub.c
		___ftsub       		CODE           	2C5A	0000	57

D:\Program Files (x86)\Microchip\xc8\v1.37\sources\common\ftsub.c estimated size: 57

D:\Program Files (x86)\Microchip\xc8\v1.37\sources\common\itoa.c
		_itoa          		CODE           	2D34	0000	51
		_utoa          		CODE           	23B2	0000	145

D:\Program Files (x86)\Microchip\xc8\v1.37\sources\common\itoa.c estimated size: 196

C:/Users/Administrator/Desktop/PIC_BLDC_HALL.X/FRAM.c
		_FRAM_INIT     		CODE           	310C	0000	7
		_DataClean     		CODE           	2CC8	0000	55
		_Fill_Data     		CODE           	1FFE	0000	205
		_write_F       		CODE           	2ACC	0000	75
		_read_F        		CODE           	2DC6	0000	45

C:/Users/Administrator/Desktop/PIC_BLDC_HALL.X/FRAM.c estimated size: 387

C:/Users/Administrator/Desktop/PIC_BLDC_HALL.X/SPI.c
		_read_spi      		CODE           	307E	0000	17
		_write_spi     		CODE           	30DA	0000	15
		_INIT_SPI      		CODE           	3006	0000	23

C:/Users/Administrator/Desktop/PIC_BLDC_HALL.X/SPI.c estimated size: 55

DS1302.c
		_write_data    		CODE           	2DF2	0000	45
		_TimeFormat    		CODE           	2558	0000	129
		_write_cmd     		CODE           	2E1E	0000	45
		_Hex2Dex       		CODE           	2F62	0000	35
		_get_time      		CODE           	273C	0000	115
		_set_time      		CODE           	2C22	0000	57
		_read_time     		CODE           	2D66	0000	49
		_Ascii2Str     		CODE           	287E	0000	91
		_DS1302_INIT   		CODE           	2FBA	0000	27

DS1302.c estimated size: 593

D:\Program Files (x86)\Microchip\xc8\v1.37\sources\common\float.c
		___ftpack      		CODE           	24CE	0000	139

D:\Program Files (x86)\Microchip\xc8\v1.37\sources\common\float.c estimated size: 139

D:\Program Files (x86)\Microchip\xc8\v1.37\sources\common\awtoft.c
		___awtoft      		CODE           	2C92	0000	55

D:\Program Files (x86)\Microchip\xc8\v1.37\sources\common\awtoft.c estimated size: 55

C:/Users/Administrator/Desktop/PIC_BLDC_HALL.X/LCD.c
		_LCD_P8x16Sp   		CODE           	1D80	0000	217
		_LCD_INIT      		CODE           	1F2E	0000	209
		_LCD_P8x16Str  		CODE           	1C68	0000	281
		_SetOKPage     		CODE           	26C8	0000	117
		_LCD_CLS       		CODE           	2D96	0000	49
		_LCD_Set_Pos   		CODE           	2F84	0000	29
		_LCD_P6x8Str   		CODE           	16E6	0000	431
		_LCD_WrDat     		CODE           	305A	0000	19
		_IDPage        		CODE           	10BC	0000	571
		_OLED_DrawBMP  		CODE           	2930	0000	89
		_TimePage      		CODE           	152A	0000	445
		_SetPage       		CODE           	0E1A	0000	675
		_DispPage1     		CODE           	0AAE	0000	877
		_show6x8       		CODE           	2A30	0000	83
		_LCD_WrCmd     		CODE           	306C	0000	19
		_DispLogo      		CODE           	2442	0000	141
		_LCD_HZ        		CODE           	2650	0000	121
		_ResetPage     		CODE           	12F6	0000	565

C:/Users/Administrator/Desktop/PIC_BLDC_HALL.X/LCD.c estimated size: 4938

D:\Program Files (x86)\Microchip\xc8\v1.37\sources\common\lbtoft.c
		___lbtoft      		CODE           	2F1A	0000	37

D:\Program Files (x86)\Microchip\xc8\v1.37\sources\common\lbtoft.c estimated size: 37

key.c
		_KeyScan       		CODE           	1B46	0000	291
		_KEY_INIT      		CODE           	30BE	0000	15

key.c estimated size: 306

D:\Program Files (x86)\Microchip\xc8\v1.37\sources\common\lwmod.c
		___lwmod       		CODE           	2BE4	0000	63

D:\Program Files (x86)\Microchip\xc8\v1.37\sources\common\lwmod.c estimated size: 63

D:\Program Files (x86)\Microchip\xc8\v1.37\sources\common\awmod.c
		___awmod       		CODE           	2816	0000	105

D:\Program Files (x86)\Microchip\xc8\v1.37\sources\common\awmod.c estimated size: 105

shared
		i2_write_F     		CODE           	2B16	0000	75
		i2_write_spi   		CODE           	30F6	0000	15
		_F6x8_1        		MEDIUMCONST    	34B9	0000	103
		_Logo          		MEDIUMCONST    	3D3F	0000	513
		_F8X16         		MEDIUMCONST    	3269	0000	593
		i2_UART_INIT   		CODE           	2FD4	0000	27
		i2_INIT_SPI    		CODE           	301C	0000	23
		i2_DataClean   		CODE           	2CFE	0000	55
		__initialization		CODE           	27AE	0000	91
		i2_Display_Menu		CODE           	29DC	0000	85
		i2_Send_Hex    		CODE           	30E8	0000	15
		i2_Send_Str    		CODE           	2BA2	0000	67
		i2_read_F      		CODE           	2E4A	0000	45
		i2_read_spi    		CODE           	309E	0000	17
		i2_FRAM_INIT   		CODE           	3112	0000	7
		i2_strlen      		CODE           	2ECA	0000	43
		i2_SetDefaultPara		CODE           	22FA	0000	185
		i2_delay       		CODE           	30AE	0000	17
		_F16x16_HZ     		MEDIUMCONST    	351F	0000	2081

shared estimated size: 4057

D:\Program Files (x86)\Microchip\xc8\v1.37\sources\common\strlen.c
		_strlen        		CODE           	2E76	0000	43

D:\Program Files (x86)\Microchip\xc8\v1.37\sources\common\strlen.c estimated size: 43

D:\Program Files (x86)\Microchip\xc8\v1.37\sources\common\ftge.c
		___ftge        		CODE           	28D8	0000	89

D:\Program Files (x86)\Microchip\xc8\v1.37\sources\common\ftge.c estimated size: 89

C:/Users/Administrator/Desktop/PIC_BLDC_HALL.X/AD.c
		_readAD        		CODE           	19F2	0000	341
		_AD_INIT       		CODE           	2FEE	0000	25

C:/Users/Administrator/Desktop/PIC_BLDC_HALL.X/AD.c estimated size: 366

C:/Users/Administrator/Desktop/PIC_BLDC_HALL.X/UART.c
		_Send_Hex      		CODE           	30CC	0000	15
		_Send_Str      		CODE           	2B60	0000	67
		_UART_INIT     		CODE           	2FA0	0000	27

C:/Users/Administrator/Desktop/PIC_BLDC_HALL.X/UART.c estimated size: 109

D:\Program Files (x86)\Microchip\xc8\v1.37\sources\common\ftmul.c
		___ftmul       		CODE           	1E58	0000	215

D:\Program Files (x86)\Microchip\xc8\v1.37\sources\common\ftmul.c estimated size: 215

C:/Users/Administrator/Desktop/PIC_BLDC_HALL.X/main.c
		_ISR           		CODE           	0008	0000	827
		_main          		CODE           	0346	0000	1897

C:/Users/Administrator/Desktop/PIC_BLDC_HALL.X/main.c estimated size: 2724

D:\Program Files (x86)\Microchip\xc8\v1.37\sources\common\ftdiv.c
		___ftdiv       		CODE           	20CA	0000	189

D:\Program Files (x86)\Microchip\xc8\v1.37\sources\common\ftdiv.c estimated size: 189

D:\Program Files (x86)\Microchip\xc8\v1.37\sources\common\fttol.c
		___fttol       		CODE           	2186	0000	189

D:\Program Files (x86)\Microchip\xc8\v1.37\sources\common\fttol.c estimated size: 189

D:\Program Files (x86)\Microchip\xc8\v1.37\sources\common\lwdiv.c
		___lwdiv       		CODE           	2A82	0000	75

D:\Program Files (x86)\Microchip\xc8\v1.37\sources\common\lwdiv.c estimated size: 75

D:\Program Files (x86)\Microchip\xc8\v1.37\sources\common\lbmod.c
		___lbmod       		CODE           	2EF4	0000	39

D:\Program Files (x86)\Microchip\xc8\v1.37\sources\common\lbmod.c estimated size: 39

